[debug] [2026-09-13T11:26:18.962Z] ----------------------------------------------------------------------
[debug] [2026-09-13T11:26:18.964Z] Command:       C:\Program Files\nodejs\node.exe C:\Users\oskar\AppData\Roaming\npm\node_modules\firebase-tools\lib\bin\firebase.js deploy --only functions
[debug] [2026-09-13T11:26:18.964Z] CLI Version:   15.16.0
[debug] [2026-09-13T11:26:18.964Z] Platform:      win32
[debug] [2026-09-13T11:26:18.964Z] Node Version:  v24.14.1
[debug] [2026-09-13T11:26:18.964Z] Time:          Sun Sep 13 2026 13:26:18 GMT+0200 (hora de verano de Europa central)
[debug] [2026-09-13T11:26:18.964Z] ----------------------------------------------------------------------
[debug] 
[debug] [2026-09-13T11:26:18.967Z] >>> [apiv2][query] GET https://firebase-public.firebaseio.com/cli.json [none]
[debug] [2026-09-13T11:26:40.569Z] > command requires scopes: ["email","openid","https://www.googleapis.com/auth/cloudplatformprojects.readonly","https://www.googleapis.com/auth/firebase","https://www.googleapis.com/auth/cloud-platform"]
[debug] [2026-09-13T11:26:40.569Z] > authorizing via signed-in user (oskartech.dev@gmail.com)
[debug] [2026-09-13T11:26:40.570Z] [iam] checking project moflo-a1bb5 for permissions ["cloudfunctions.functions.create","cloudfunctions.functions.delete","cloudfunctions.functions.get","cloudfunctions.functions.list","cloudfunctions.functions.update","cloudfunctions.operations.get","firebase.projects.get"]
[debug] [2026-09-13T11:26:40.570Z] Checked if tokens are valid: false, expires at: 1778070805067
[debug] [2026-09-13T11:26:40.570Z] Checked if tokens are valid: false, expires at: 1778070805067
[debug] [2026-09-13T11:26:40.571Z] > refreshing access token with scopes: []
[debug] [2026-09-13T11:26:40.571Z] >>> [apiv2][query] POST https://www.googleapis.com/oauth2/v3/token [none]
[debug] [2026-09-13T11:26:40.571Z] >>> [apiv2][body] POST https://www.googleapis.com/oauth2/v3/token [omitted]
[debug] [2026-09-13T11:26:40.749Z] <<< [apiv2][status] POST https://www.googleapis.com/oauth2/v3/token 200
[debug] [2026-09-13T11:26:40.749Z] <<< [apiv2][body] POST https://www.googleapis.com/oauth2/v3/token [omitted]
[debug] [2026-09-13T11:26:40.759Z] >>> [apiv2][query] POST https://cloudresourcemanager.googleapis.com/v1/projects/moflo-a1bb5:testIamPermissions [none]
[debug] [2026-09-13T11:26:40.759Z] >>> [apiv2][(partial)header] POST https://cloudresourcemanager.googleapis.com/v1/projects/moflo-a1bb5:testIamPermissions  x-goog-user-project=moflo-a1bb5
[debug] [2026-09-13T11:26:40.759Z] >>> [apiv2][body] POST https://cloudresourcemanager.googleapis.com/v1/projects/moflo-a1bb5:testIamPermissions {"permissions":["cloudfunctions.functions.create","cloudfunctions.functions.delete","cloudfunctions.functions.get","cloudfunctions.functions.list","cloudfunctions.functions.update","cloudfunctions.operations.get","firebase.projects.get"]}
[debug] [2026-09-13T11:26:40.835Z] <<< [apiv2][status] GET https://firebase-public.firebaseio.com/cli.json 200
[debug] [2026-09-13T11:26:40.835Z] <<< [apiv2][body] GET https://firebase-public.firebaseio.com/cli.json {"cloudBuildErrorAfter":1594252800000,"cloudBuildWarnAfter":1590019200000,"defaultNode10After":1594252800000,"minVersion":"3.0.5","node8DeploysDisabledAfter":1613390400000,"node8RuntimeDisabledAfter":1615809600000,"node8WarnAfter":1600128000000}
[debug] [2026-09-13T11:26:41.058Z] <<< [apiv2][status] POST https://cloudresourcemanager.googleapis.com/v1/projects/moflo-a1bb5:testIamPermissions 200
[debug] [2026-09-13T11:26:41.058Z] <<< [apiv2][body] POST https://cloudresourcemanager.googleapis.com/v1/projects/moflo-a1bb5:testIamPermissions {"permissions":["cloudfunctions.functions.create","cloudfunctions.functions.delete","cloudfunctions.functions.get","cloudfunctions.functions.list","cloudfunctions.functions.update","cloudfunctions.operations.get","firebase.projects.get"]}
[debug] [2026-09-13T11:26:41.059Z] Checked if tokens are valid: true, expires at: 1789302399749
[debug] [2026-09-13T11:26:41.059Z] Checked if tokens are valid: true, expires at: 1789302399749
[debug] [2026-09-13T11:26:41.059Z] >>> [apiv2][query] POST https://iam.googleapis.com/v1/projects/moflo-a1bb5/serviceAccounts/moflo-a1bb5@appspot.gserviceaccount.com:testIamPermissions [none]
[debug] [2026-09-13T11:26:41.059Z] >>> [apiv2][body] POST https://iam.googleapis.com/v1/projects/moflo-a1bb5/serviceAccounts/moflo-a1bb5@appspot.gserviceaccount.com:testIamPermissions {"permissions":["iam.serviceAccounts.actAs"]}
[debug] [2026-09-13T11:26:41.792Z] <<< [apiv2][status] POST https://iam.googleapis.com/v1/projects/moflo-a1bb5/serviceAccounts/moflo-a1bb5@appspot.gserviceaccount.com:testIamPermissions 200
[debug] [2026-09-13T11:26:41.792Z] <<< [apiv2][body] POST https://iam.googleapis.com/v1/projects/moflo-a1bb5/serviceAccounts/moflo-a1bb5@appspot.gserviceaccount.com:testIamPermissions {"permissions":["iam.serviceAccounts.actAs"]}
[info] 
[info] === Deploying to 'moflo-a1bb5'...
[info] 
[info] i  deploying functions 
[info] Running command: npm --prefix "$RESOURCE_DIR" run build
[info] +  functions: Finished running predeploy script. 
[debug] [2026-09-13T11:26:44.082Z] Checked if tokens are valid: true, expires at: 1789302399749
[debug] [2026-09-13T11:26:44.082Z] Checked if tokens are valid: true, expires at: 1789302399749
[debug] [2026-09-13T11:26:44.082Z] >>> [apiv2][query] GET https://cloudresourcemanager.googleapis.com/v1/projects/moflo-a1bb5 [none]
[debug] [2026-09-13T11:26:44.289Z] <<< [apiv2][status] GET https://cloudresourcemanager.googleapis.com/v1/projects/moflo-a1bb5 200
[debug] [2026-09-13T11:26:44.289Z] <<< [apiv2][body] GET https://cloudresourcemanager.googleapis.com/v1/projects/moflo-a1bb5 {"projectNumber":"376703221466","projectId":"moflo-a1bb5","lifecycleState":"ACTIVE","name":"MoFlo","labels":{"firebase":"enabled","firebase-core":"disabled"},"createTime":"2026-03-31T16:53:07.840Z"}
[info] i  functions: preparing codebase default for deployment 
[info] i  functions: ensuring required API cloudfunctions.googleapis.com is enabled... 
[info] i  functions: ensuring required API cloudbuild.googleapis.com is enabled... 
[info] i  artifactregistry: ensuring required API artifactregistry.googleapis.com is enabled... 
[debug] [2026-09-13T11:26:44.293Z] Checked if tokens are valid: true, expires at: 1789302399749
[debug] [2026-09-13T11:26:44.293Z] Checked if tokens are valid: true, expires at: 1789302399749
[debug] [2026-09-13T11:26:44.293Z] >>> [apiv2][query] GET https://firebase.googleapis.com/v1beta1/projects/moflo-a1bb5/adminSdkConfig [none]
[debug] [2026-09-13T11:26:44.944Z] <<< [apiv2][status] GET https://firebase.googleapis.com/v1beta1/projects/moflo-a1bb5/adminSdkConfig 200
[debug] [2026-09-13T11:26:44.945Z] <<< [apiv2][body] GET https://firebase.googleapis.com/v1beta1/projects/moflo-a1bb5/adminSdkConfig {"projectId":"moflo-a1bb5","storageBucket":"moflo-a1bb5.firebasestorage.app"}
[debug] [2026-09-13T11:26:44.945Z] Checked if tokens are valid: true, expires at: 1789302399749
[debug] [2026-09-13T11:26:44.945Z] Checked if tokens are valid: true, expires at: 1789302399749
[debug] [2026-09-13T11:26:44.945Z] >>> [apiv2][query] GET https://runtimeconfig.googleapis.com/v1beta1/projects/moflo-a1bb5/configs [none]
[debug] [2026-09-13T11:26:45.301Z] <<< [apiv2][status] GET https://runtimeconfig.googleapis.com/v1beta1/projects/moflo-a1bb5/configs 200
[debug] [2026-09-13T11:26:45.302Z] <<< [apiv2][body] GET https://runtimeconfig.googleapis.com/v1beta1/projects/moflo-a1bb5/configs {}
[debug] [2026-09-13T11:26:45.303Z] Validating nodejs source
[warn] !  functions: Runtime Node.js 20 was deprecated on 2026-04-30 and will be decommissioned on 2026-10-30, after which you will not be able to deploy without upgrading. Consider upgrading now to avoid disruption. See https://cloud.google.com/functions/docs/runtime-support for full details on the lifecycle policy 
[warn] !  functions: package.json indicates an outdated version of firebase-functions. Please upgrade using npm install --save firebase-functions@latest in your functions directory. 
[warn] !  functions: Please note that there will be breaking changes when you upgrade. 
[debug] [2026-09-13T11:26:46.305Z] > [functions] package.json contents: {
  "name": "functions",
  "description": "MoFlo Firebase Cloud Functions",
  "private": true,
  "main": "lib/index.js",
  "scripts": {
    "build": "tsc",
    "build:watch": "tsc --watch",
    "deploy": "firebase deploy --only functions",
    "logs": "firebase functions:log"
  },
  "engines": {
    "node": "20"
  },
  "dependencies": {
    "firebase-admin": "^13.0.2",
    "firebase-functions": "^6.1.1"
  },
  "devDependencies": {
    "typescript": "^5.7.3"
  }
}
[debug] [2026-09-13T11:26:46.306Z] Building nodejs source
[info] i  functions: Loading and analyzing source code for codebase default to determine what to deploy 
[debug] [2026-09-13T11:26:46.307Z] Could not find functions.yaml. Must use http discovery
[debug] [2026-09-13T11:26:46.314Z] Found firebase-functions binary at 'C:\Proyectos\MoFlo\functions\node_modules\.bin\firebase-functions'
[info] Serving at port 8108

[debug] [2026-09-13T11:26:48.311Z] Got response from /__/functions.yaml {"endpoints":{"onSharedMovementCreated":{"availableMemoryMb":null,"timeoutSeconds":null,"minInstances":null,"maxInstances":10,"ingressSettings":null,"concurrency":null,"serviceAccountEmail":null,"vpc":null,"platform":"gcfv2","region":["europe-west1"],"labels":{},"eventTrigger":{"eventType":"google.cloud.firestore.document.v1.created","eventFilters":{"database":"(default)","namespace":"(default)"},"eventFilterPathPatterns":{"document":"sharedAccounts/{accountId}/movements/{movementId}"},"retry":false},"entryPoint":"onSharedMovementCreated"},"onJoinRequestCreated":{"availableMemoryMb":null,"timeoutSeconds":null,"minInstances":null,"maxInstances":10,"ingressSettings":null,"concurrency":null,"serviceAccountEmail":null,"vpc":null,"platform":"gcfv2","region":["europe-west1"],"labels":{},"eventTrigger":{"eventType":"google.cloud.firestore.document.v1.created","eventFilters":{"database":"(default)","namespace":"(default)"},"eventFilterPathPatterns":{"document":"sharedAccounts/{accountId}/joinRequests/{requesterId}"},"retry":false},"entryPoint":"onJoinRequestCreated"},"onJoinRequestUpdated":{"availableMemoryMb":null,"timeoutSeconds":null,"minInstances":null,"maxInstances":10,"ingressSettings":null,"concurrency":null,"serviceAccountEmail":null,"vpc":null,"platform":"gcfv2","region":["europe-west1"],"labels":{},"eventTrigger":{"eventType":"google.cloud.firestore.document.v1.updated","eventFilters":{"database":"(default)","namespace":"(default)"},"eventFilterPathPatterns":{"document":"sharedAccounts/{accountId}/joinRequests/{requesterId}"},"retry":false},"entryPoint":"onJoinRequestUpdated"},"onSharedAccountUpdated":{"availableMemoryMb":null,"timeoutSeconds":null,"minInstances":null,"maxInstances":10,"ingressSettings":null,"concurrency":null,"serviceAccountEmail":null,"vpc":null,"platform":"gcfv2","region":["europe-west1"],"labels":{},"eventTrigger":{"eventType":"google.cloud.firestore.document.v1.updated","eventFilters":{"database":"(default)","namespace":"(default)"},"eventFilterPathPatterns":{"document":"sharedAccounts/{accountId}"},"retry":false},"entryPoint":"onSharedAccountUpdated"}},"specVersion":"v1alpha1","requiredAPIs":[],"extensions":{}}
[info] i  extensions: ensuring required API firebaseextensions.googleapis.com is enabled... 
[debug] [2026-09-13T11:26:52.347Z] > command requires scopes: ["email","openid","https://www.googleapis.com/auth/cloudplatformprojects.readonly","https://www.googleapis.com/auth/firebase","https://www.googleapis.com/auth/cloud-platform"]
[debug] [2026-09-13T11:26:52.347Z] > authorizing via signed-in user (oskartech.dev@gmail.com)
[debug] [2026-09-13T11:26:52.347Z] [iam] checking project moflo-a1bb5 for permissions ["firebase.projects.get","firebaseextensions.instances.list"]
[debug] [2026-09-13T11:26:52.347Z] Checked if tokens are valid: true, expires at: 1789302399749
[debug] [2026-09-13T11:26:52.347Z] Checked if tokens are valid: true, expires at: 1789302399749
[debug] [2026-09-13T11:26:52.348Z] >>> [apiv2][query] POST https://cloudresourcemanager.googleapis.com/v1/projects/moflo-a1bb5:testIamPermissions [none]
[debug] [2026-09-13T11:26:52.348Z] >>> [apiv2][(partial)header] POST https://cloudresourcemanager.googleapis.com/v1/projects/moflo-a1bb5:testIamPermissions  x-goog-user-project=moflo-a1bb5
[debug] [2026-09-13T11:26:52.348Z] >>> [apiv2][body] POST https://cloudresourcemanager.googleapis.com/v1/projects/moflo-a1bb5:testIamPermissions {"permissions":["firebase.projects.get","firebaseextensions.instances.list"]}
[debug] [2026-09-13T11:26:53.050Z] <<< [apiv2][status] POST https://cloudresourcemanager.googleapis.com/v1/projects/moflo-a1bb5:testIamPermissions 200
[debug] [2026-09-13T11:26:53.050Z] <<< [apiv2][body] POST https://cloudresourcemanager.googleapis.com/v1/projects/moflo-a1bb5:testIamPermissions {"permissions":["firebase.projects.get","firebaseextensions.instances.list"]}
[debug] [2026-09-13T11:26:53.050Z] Checked if tokens are valid: true, expires at: 1789302399749
[debug] [2026-09-13T11:26:53.050Z] Checked if tokens are valid: true, expires at: 1789302399749
[debug] [2026-09-13T11:26:53.051Z] >>> [apiv2][query] GET https://firebaseextensions.googleapis.com/v1beta/projects/moflo-a1bb5/instances pageSize=100&pageToken=
[debug] [2026-09-13T11:26:53.892Z] <<< [apiv2][status] GET https://firebaseextensions.googleapis.com/v1beta/projects/moflo-a1bb5/instances 200
[debug] [2026-09-13T11:26:53.892Z] <<< [apiv2][body] GET https://firebaseextensions.googleapis.com/v1beta/projects/moflo-a1bb5/instances {}
[info] i  functions: preparing functions directory for uploading... 
[info] i  functions: packaged C:\Proyectos\MoFlo\functions (49.7 KB) for uploading 
[debug] [2026-09-13T11:26:53.916Z] Checked if tokens are valid: true, expires at: 1789302399749
[debug] [2026-09-13T11:26:53.916Z] Checked if tokens are valid: true, expires at: 1789302399749
[debug] [2026-09-13T11:26:53.916Z] >>> [apiv2][query] GET https://cloudfunctions.googleapis.com/v1/projects/moflo-a1bb5/locations/-/functions [none]
[debug] [2026-09-13T11:26:54.789Z] <<< [apiv2][status] GET https://cloudfunctions.googleapis.com/v1/projects/moflo-a1bb5/locations/-/functions 200
[debug] [2026-09-13T11:26:54.789Z] <<< [apiv2][body] GET https://cloudfunctions.googleapis.com/v1/projects/moflo-a1bb5/locations/-/functions {}
[debug] [2026-09-13T11:26:54.789Z] Checked if tokens are valid: true, expires at: 1789302399749
[debug] [2026-09-13T11:26:54.789Z] Checked if tokens are valid: true, expires at: 1789302399749
[debug] [2026-09-13T11:26:54.789Z] >>> [apiv2][query] GET https://cloudfunctions.googleapis.com/v2/projects/moflo-a1bb5/locations/-/functions filter=environment%3D%22GEN_2%22
[debug] [2026-09-13T11:26:55.761Z] <<< [apiv2][status] GET https://cloudfunctions.googleapis.com/v2/projects/moflo-a1bb5/locations/-/functions 200
[debug] [2026-09-13T11:26:55.761Z] <<< [apiv2][body] GET https://cloudfunctions.googleapis.com/v2/projects/moflo-a1bb5/locations/-/functions {"functions":[{"name":"projects/moflo-a1bb5/locations/europe-west1/functions/onJoinRequestCreated","buildConfig":{"build":"projects/376703221466/locations/europe-west1/builds/455f9641-c9fb-4e79-b64d-a5ce65209786","runtime":"nodejs20","entryPoint":"onJoinRequestCreated","source":{"storageSource":{"bucket":"gcf-v2-sources-376703221466-europe-west1","object":"onJoinRequestCreated/function-source.zip","generation":"1778067263913336"}},"environmentVariables":{"GOOGLE_NODE_RUN_SCRIPTS":""},"dockerRepository":"projects/moflo-a1bb5/locations/europe-west1/repositories/gcf-artifacts","sourceProvenance":{"resolvedStorageSource":{"bucket":"gcf-v2-sources-376703221466-europe-west1","object":"onJoinRequestCreated/function-source.zip","generation":"1778067263913336"}},"dockerRegistry":"ARTIFACT_REGISTRY","serviceAccount":"projects/moflo-a1bb5/serviceAccounts/376703221466-compute@developer.gserviceaccount.com","automaticUpdatePolicy":{}},"serviceConfig":{"service":"projects/moflo-a1bb5/locations/europe-west1/services/onjoinrequestcreated","timeoutSeconds":60,"environmentVariables":{"FIREBASE_CONFIG":"{\"projectId\":\"moflo-a1bb5\",\"storageBucket\":\"moflo-a1bb5.firebasestorage.app\"}","GCLOUD_PROJECT":"moflo-a1bb5","EVENTARC_CLOUD_EVENT_SOURCE":"projects/moflo-a1bb5/locations/europe-west1/services/onJoinRequestCreated","FUNCTION_SIGNATURE_TYPE":"cloudevent","FUNCTION_TARGET":"onJoinRequestCreated","LOG_EXECUTION_ID":"true"},"maxInstanceCount":10,"ingressSettings":"ALLOW_ALL","uri":"https://onjoinrequestcreated-s7rf7mdlva-ew.a.run.app","serviceAccountEmail":"376703221466-compute@developer.gserviceaccount.com","availableMemory":"256Mi","allTrafficOnLatestRevision":true,"revision":"onjoinrequestcreated-00003-tuc","maxInstanceRequestConcurrency":80,"availableCpu":"1"},"eventTrigger":{"trigger":"projects/moflo-a1bb5/locations/europe-southwest1/triggers/onjoinrequestcreated-796945","triggerRegion":"europe-southwest1","eventType":"google.cloud.firestore.document.v1.created","eventFilters":[{"attribute":"database","value":"(default)"},{"attribute":"namespace","value":"(default)"},{"attribute":"document","value":"sharedAccounts/{accountId}/joinRequests/{requesterId}","operator":"match-path-pattern"}],"pubsubTopic":"projects/moflo-a1bb5/topics/eventarc-europe-southwest1-onjoinrequestcreated-796945-384","serviceAccountEmail":"376703221466-compute@developer.gserviceaccount.com","retryPolicy":"RETRY_POLICY_DO_NOT_RETRY"},"state":"ACTIVE","updateTime":"2026-08-07T07:27:16.301981417Z","labels":{"deployment-tool":"cli-firebase","firebase-functions-hash":"281f2e0db2e07c3aefcd6971c90efb1a585cd00e"},"environment":"GEN_2","url":"https://europe-west1-moflo-a1bb5.cloudfunctions.net/onJoinRequestCreated","createTime":"2026-05-02T18:34:30.515749560Z","satisfiesPzi":true},{"name":"projects/moflo-a1bb5/locations/europe-west1/functions/onSharedMovementCreated","buildConfig":{"build":"projects/376703221466/locations/europe-west1/builds/455f9641-c9fb-4e79-b64d-a5ce65209786","runtime":"nodejs20","entryPoint":"onSharedMovementCreated","source":{"storageSource":{"bucket":"gcf-v2-sources-376703221466-europe-west1","object":"onSharedMovementCreated/function-source.zip","generation":"1778067226146707"}},"environmentVariables":{"GOOGLE_NODE_RUN_SCRIPTS":""},"dockerRepository":"projects/moflo-a1bb5/locations/europe-west1/repositories/gcf-artifacts","sourceProvenance":{"resolvedStorageSource":{"bucket":"gcf-v2-sources-376703221466-europe-west1","object":"onSharedMovementCreated/function-source.zip","generation":"1778067226146707"}},"dockerRegistry":"ARTIFACT_REGISTRY","serviceAccount":"projects/moflo-a1bb5/serviceAccounts/376703221466-compute@developer.gserviceaccount.com","automaticUpdatePolicy":{}},"serviceConfig":{"service":"projects/moflo-a1bb5/locations/europe-west1/services/onsharedmovementcreated","timeoutSeconds":60,"environmentVariables":{"FIREBASE_CONFIG":"{\"projectId\":\"moflo-a1bb5\",\"storageBucket\":\"moflo-a1bb5.firebasestorage.app\"}","GCLOUD_PROJECT":"moflo-a1bb5","EVENTARC_CLOUD_EVENT_SOURCE":"projects/moflo-a1bb5/locations/europe-west1/services/onSharedMovementCreated","FUNCTION_SIGNATURE_TYPE":"cloudevent","FUNCTION_TARGET":"onSharedMovementCreated","LOG_EXECUTION_ID":"true"},"maxInstanceCount":10,"ingressSettings":"ALLOW_ALL","uri":"https://onsharedmovementcreated-s7rf7mdlva-ew.a.run.app","serviceAccountEmail":"376703221466-compute@developer.gserviceaccount.com","availableMemory":"256Mi","allTrafficOnLatestRevision":true,"revision":"onsharedmovementcreated-00003-lux","maxInstanceRequestConcurrency":80,"availableCpu":"1"},"eventTrigger":{"trigger":"projects/moflo-a1bb5/locations/europe-southwest1/triggers/onsharedmovementcreated-192558","triggerRegion":"europe-southwest1","eventType":"google.cloud.firestore.document.v1.created","eventFilters":[{"attribute":"database","value":"(default)"},{"attribute":"namespace","value":"(default)"},{"attribute":"document","value":"sharedAccounts/{accountId}/movements/{movementId}","operator":"match-path-pattern"}],"pubsubTopic":"projects/moflo-a1bb5/topics/eventarc-europe-southwest1-onsharedmovementcreated-192558-161","serviceAccountEmail":"376703221466-compute@developer.gserviceaccount.com","retryPolicy":"RETRY_POLICY_DO_NOT_RETRY"},"state":"ACTIVE","updateTime":"2026-08-07T07:27:16.374847654Z","labels":{"deployment-tool":"cli-firebase","firebase-functions-hash":"281f2e0db2e07c3aefcd6971c90efb1a585cd00e"},"environment":"GEN_2","url":"https://europe-west1-moflo-a1bb5.cloudfunctions.net/onSharedMovementCreated","createTime":"2026-05-02T18:33:12.328741869Z","satisfiesPzi":true},{"name":"projects/moflo-a1bb5/locations/europe-west1/functions/onSharedAccountUpdated","buildConfig":{"build":"projects/376703221466/locations/europe-west1/builds/455f9641-c9fb-4e79-b64d-a5ce65209786","runtime":"nodejs20","entryPoint":"onSharedAccountUpdated","source":{"storageSource":{"bucket":"gcf-v2-sources-376703221466-europe-west1","object":"onSharedAccountUpdated/function-source.zip","generation":"1778067263902642"}},"environmentVariables":{"GOOGLE_NODE_RUN_SCRIPTS":""},"dockerRepository":"projects/moflo-a1bb5/locations/europe-west1/repositories/gcf-artifacts","sourceProvenance":{"resolvedStorageSource":{"bucket":"gcf-v2-sources-376703221466-europe-west1","object":"onSharedAccountUpdated/function-source.zip","generation":"1778067263902642"}},"dockerRegistry":"ARTIFACT_REGISTRY","serviceAccount":"projects/moflo-a1bb5/serviceAccounts/376703221466-compute@developer.gserviceaccount.com","automaticUpdatePolicy":{}},"serviceConfig":{"service":"projects/moflo-a1bb5/locations/europe-west1/services/onsharedaccountupdated","timeoutSeconds":60,"environmentVariables":{"FIREBASE_CONFIG":"{\"projectId\":\"moflo-a1bb5\",\"storageBucket\":\"moflo-a1bb5.firebasestorage.app\"}","GCLOUD_PROJECT":"moflo-a1bb5","EVENTARC_CLOUD_EVENT_SOURCE":"projects/moflo-a1bb5/locations/europe-west1/services/onSharedAccountUpdated","FUNCTION_SIGNATURE_TYPE":"cloudevent","FUNCTION_TARGET":"onSharedAccountUpdated","LOG_EXECUTION_ID":"true"},"maxInstanceCount":10,"ingressSettings":"ALLOW_ALL","uri":"https://onsharedaccountupdated-s7rf7mdlva-ew.a.run.app","serviceAccountEmail":"376703221466-compute@developer.gserviceaccount.com","availableMemory":"256Mi","allTrafficOnLatestRevision":true,"revision":"onsharedaccountupdated-00003-tod","maxInstanceRequestConcurrency":80,"availableCpu":"1"},"eventTrigger":{"trigger":"projects/moflo-a1bb5/locations/europe-southwest1/triggers/onsharedaccountupdated-719177","triggerRegion":"europe-southwest1","eventType":"google.cloud.firestore.document.v1.updated","eventFilters":[{"attribute":"document","value":"sharedAccounts/{accountId}","operator":"match-path-pattern"},{"attribute":"database","value":"(default)"},{"attribute":"namespace","value":"(default)"}],"pubsubTopic":"projects/moflo-a1bb5/topics/eventarc-europe-southwest1-onsharedaccountupdated-719177-197","serviceAccountEmail":"376703221466-compute@developer.gserviceaccount.com","retryPolicy":"RETRY_POLICY_DO_NOT_RETRY"},"state":"ACTIVE","updateTime":"2026-08-07T07:27:16.399668635Z","labels":{"firebase-functions-hash":"281f2e0db2e07c3aefcd6971c90efb1a585cd00e","deployment-tool":"cli-firebase"},"environment":"GEN_2","url":"https://europe-west1-moflo-a1bb5.cloudfunctions.net/onSharedAccountUpdated","createTime":"2026-05-02T18:34:30.694342291Z","satisfiesPzi":true},{"name":"projects/moflo-a1bb5/locations/europe-west1/functions/onJoinRequestUpdated","buildConfig":{"build":"projects/376703221466/locations/europe-west1/builds/455f9641-c9fb-4e79-b64d-a5ce65209786","runtime":"nodejs20","entryPoint":"onJoinRequestUpdated","source":{"storageSource":{"bucket":"gcf-v2-sources-376703221466-europe-west1","object":"onJoinRequestUpdated/function-source.zip","generation":"1778067263901542"}},"environmentVariables":{"GOOGLE_NODE_RUN_SCRIPTS":""},"dockerRepository":"projects/moflo-a1bb5/locations/europe-west1/repositories/gcf-artifacts","sourceProvenance":{"resolvedStorageSource":{"bucket":"gcf-v2-sources-376703221466-europe-west1","object":"onJoinRequestUpdated/function-source.zip","generation":"1778067263901542"}},"dockerRegistry":"ARTIFACT_REGISTRY","serviceAccount":"projects/moflo-a1bb5/serviceAccounts/376703221466-compute@developer.gserviceaccount.com","automaticUpdatePolicy":{}},"serviceConfig":{"service":"projects/moflo-a1bb5/locations/europe-west1/services/onjoinrequestupdated","timeoutSeconds":60,"environmentVariables":{"FIREBASE_CONFIG":"{\"projectId\":\"moflo-a1bb5\",\"storageBucket\":\"moflo-a1bb5.firebasestorage.app\"}","GCLOUD_PROJECT":"moflo-a1bb5","EVENTARC_CLOUD_EVENT_SOURCE":"projects/moflo-a1bb5/locations/europe-west1/services/onJoinRequestUpdated","FUNCTION_SIGNATURE_TYPE":"cloudevent","FUNCTION_TARGET":"onJoinRequestUpdated","LOG_EXECUTION_ID":"true"},"maxInstanceCount":10,"ingressSettings":"ALLOW_ALL","uri":"https://onjoinrequestupdated-s7rf7mdlva-ew.a.run.app","serviceAccountEmail":"376703221466-compute@developer.gserviceaccount.com","availableMemory":"256Mi","allTrafficOnLatestRevision":true,"revision":"onjoinrequestupdated-00003-woz","maxInstanceRequestConcurrency":80,"availableCpu":"1"},"eventTrigger":{"trigger":"projects/moflo-a1bb5/locations/europe-southwest1/triggers/onjoinrequestupdated-524629","triggerRegion":"europe-southwest1","eventType":"google.cloud.firestore.document.v1.updated","eventFilters":[{"attribute":"database","value":"(default)"},{"attribute":"namespace","value":"(default)"},{"attribute":"document","value":"sharedAccounts/{accountId}/joinRequests/{requesterId}","operator":"match-path-pattern"}],"pubsubTopic":"projects/moflo-a1bb5/topics/eventarc-europe-southwest1-onjoinrequestupdated-524629-260","serviceAccountEmail":"376703221466-compute@developer.gserviceaccount.com","retryPolicy":"RETRY_POLICY_DO_NOT_RETRY"},"state":"ACTIVE","updateTime":"2026-08-07T07:27:16.397159941Z","labels":{"firebase-functions-hash":"281f2e0db2e07c3aefcd6971c90efb1a585cd00e","deployment-tool":"cli-firebase"},"environment":"GEN_2","url":"https://europe-west1-moflo-a1bb5.cloudfunctions.net/onJoinRequestUpdated","createTime":"2026-05-02T18:34:30.629717649Z","satisfiesPzi":true}]}
[debug] [2026-09-13T11:26:55.763Z] Checked if tokens are valid: true, expires at: 1789302399749
[debug] [2026-09-13T11:26:55.763Z] Checked if tokens are valid: true, expires at: 1789302399749
[debug] [2026-09-13T11:26:55.763Z] >>> [apiv2][query] GET https://firestore.googleapis.com/v1/projects/moflo-a1bb5/databases/(default) [none]
[debug] [2026-09-13T11:26:55.978Z] <<< [apiv2][status] GET https://firestore.googleapis.com/v1/projects/moflo-a1bb5/databases/(default) 200
[debug] [2026-09-13T11:26:55.978Z] <<< [apiv2][body] GET https://firestore.googleapis.com/v1/projects/moflo-a1bb5/databases/(default) {"name":"projects/moflo-a1bb5/databases/(default)","uid":"b2e110d6-1ee0-4abb-99fe-40d302ecd4c0","createTime":"2026-04-02T20:15:51.681738Z","updateTime":"2026-04-02T20:15:51.681738Z","locationId":"europe-southwest1","type":"FIRESTORE_NATIVE","concurrencyMode":"PESSIMISTIC","versionRetentionPeriod":"3600s","earliestVersionTime":"2026-09-13T10:27:19.583470Z","appEngineIntegrationMode":"DISABLED","pointInTimeRecoveryEnablement":"POINT_IN_TIME_RECOVERY_DISABLED","deleteProtectionState":"DELETE_PROTECTION_DISABLED","databaseEdition":"STANDARD","freeTier":true,"realtimeUpdatesMode":"REALTIME_UPDATES_MODE_ENABLED","enhancedTextSearchQueryMode":"ENHANCED_QUERY_MODE_ENABLED","etag":"IKju682565YDMIG3moP/z5MD"}
[info] i  functions: ensuring required API run.googleapis.com is enabled... 
[info] i  functions: ensuring required API eventarc.googleapis.com is enabled... 
[info] i  functions: ensuring required API pubsub.googleapis.com is enabled... 
[info] i  functions: ensuring required API storage.googleapis.com is enabled... 
[info] i  functions: generating the service identity for pubsub.googleapis.com... 
[debug] [2026-09-13T11:26:55.981Z] Checked if tokens are valid: true, expires at: 1789302399749
[debug] [2026-09-13T11:26:55.981Z] Checked if tokens are valid: true, expires at: 1789302399749
[info] i  functions: generating the service identity for eventarc.googleapis.com... 
[debug] [2026-09-13T11:26:55.982Z] Checked if tokens are valid: true, expires at: 1789302399749
[debug] [2026-09-13T11:26:55.982Z] Checked if tokens are valid: true, expires at: 1789302399749
[debug] [2026-09-13T11:26:55.982Z] >>> [apiv2][query] POST https://serviceusage.googleapis.com/v1beta1/projects/376703221466/services/pubsub.googleapis.com:generateServiceIdentity [none]
[debug] [2026-09-13T11:26:55.982Z] >>> [apiv2][(partial)header] POST https://serviceusage.googleapis.com/v1beta1/projects/376703221466/services/pubsub.googleapis.com:generateServiceIdentity  x-goog-user-project=376703221466
[debug] [2026-09-13T11:26:55.982Z] >>> [apiv2][body] POST https://serviceusage.googleapis.com/v1beta1/projects/376703221466/services/pubsub.googleapis.com:generateServiceIdentity {}
[debug] [2026-09-13T11:26:55.982Z] >>> [apiv2][query] POST https://serviceusage.googleapis.com/v1beta1/projects/376703221466/services/eventarc.googleapis.com:generateServiceIdentity [none]
[debug] [2026-09-13T11:26:55.982Z] >>> [apiv2][(partial)header] POST https://serviceusage.googleapis.com/v1beta1/projects/376703221466/services/eventarc.googleapis.com:generateServiceIdentity  x-goog-user-project=376703221466
[debug] [2026-09-13T11:26:55.982Z] >>> [apiv2][body] POST https://serviceusage.googleapis.com/v1beta1/projects/376703221466/services/eventarc.googleapis.com:generateServiceIdentity {}
[debug] [2026-09-13T11:26:56.952Z] <<< [apiv2][status] POST https://serviceusage.googleapis.com/v1beta1/projects/376703221466/services/pubsub.googleapis.com:generateServiceIdentity 200
[debug] [2026-09-13T11:26:56.952Z] <<< [apiv2][body] POST https://serviceusage.googleapis.com/v1beta1/projects/376703221466/services/pubsub.googleapis.com:generateServiceIdentity {"name":"operations/finished.DONE_OPERATION","done":true,"response":{"@type":"type.googleapis.com/google.api.serviceusage.v1beta1.ServiceIdentity","email":"service-376703221466@gcp-sa-pubsub.iam.gserviceaccount.com","uniqueId":"108615470748063107185"}}
[debug] [2026-09-13T11:26:56.953Z] <<< [apiv2][status] POST https://serviceusage.googleapis.com/v1beta1/projects/376703221466/services/eventarc.googleapis.com:generateServiceIdentity 200
[debug] [2026-09-13T11:26:56.953Z] <<< [apiv2][body] POST https://serviceusage.googleapis.com/v1beta1/projects/376703221466/services/eventarc.googleapis.com:generateServiceIdentity {"name":"operations/finished.DONE_OPERATION","done":true,"response":{"@type":"type.googleapis.com/google.api.serviceusage.v1beta1.ServiceIdentity","email":"service-376703221466@gcp-sa-eventarc.iam.gserviceaccount.com","uniqueId":"109236807184960306553"}}
[debug] [2026-09-13T11:26:56.956Z] Checked if tokens are valid: true, expires at: 1789302399749
[debug] [2026-09-13T11:26:56.956Z] Checked if tokens are valid: true, expires at: 1789302399749
[debug] [2026-09-13T11:26:56.956Z] >>> [apiv2][query] GET https://cloudresourcemanager.googleapis.com/v1/projects/moflo-a1bb5 [none]
[debug] [2026-09-13T11:26:57.164Z] <<< [apiv2][status] GET https://cloudresourcemanager.googleapis.com/v1/projects/moflo-a1bb5 200
[debug] [2026-09-13T11:26:57.164Z] <<< [apiv2][body] GET https://cloudresourcemanager.googleapis.com/v1/projects/moflo-a1bb5 {"projectNumber":"376703221466","projectId":"moflo-a1bb5","lifecycleState":"ACTIVE","name":"MoFlo","labels":{"firebase":"enabled","firebase-core":"disabled"},"createTime":"2026-03-31T16:53:07.840Z"}
[debug] [2026-09-13T11:26:57.164Z] Checked if tokens are valid: true, expires at: 1789302399749
[debug] [2026-09-13T11:26:57.164Z] Checked if tokens are valid: true, expires at: 1789302399749
[debug] [2026-09-13T11:26:57.164Z] >>> [apiv2][query] GET https://compute.googleapis.com/compute/v1/projects/376703221466 [none]
[debug] [2026-09-13T11:26:57.487Z] <<< [apiv2][status] GET https://compute.googleapis.com/compute/v1/projects/376703221466 403
[debug] [2026-09-13T11:26:57.487Z] <<< [apiv2][body] GET https://compute.googleapis.com/compute/v1/projects/376703221466 {"error":{"code":403,"message":"Compute Engine API has not been used in project 376703221466 before or it is disabled. Enable it by visiting https://console.developers.google.com/apis/api/compute.googleapis.com/overview?project=376703221466 then retry. If you enabled this API recently, wait a few minutes for the action to propagate to our systems and retry.","errors":[{"message":"Compute Engine API has not been used in project 376703221466 before or it is disabled. Enable it by visiting https://console.developers.google.com/apis/api/compute.googleapis.com/overview?project=376703221466 then retry. If you enabled this API recently, wait a few minutes for the action to propagate to our systems and retry.","domain":"usageLimits","reason":"accessNotConfigured","extendedHelp":"https://console.developers.google.com"}],"status":"PERMISSION_DENIED","details":[{"@type":"type.googleapis.com/google.rpc.ErrorInfo","reason":"SERVICE_DISABLED","domain":"googleapis.com","metadata":{"containerInfo":"376703221466","consumer":"projects/376703221466","activationUrl":"https://console.developers.google.com/apis/api/compute.googleapis.com/overview?project=376703221466","service":"compute.googleapis.com","serviceTitle":"Compute Engine API"}},{"@type":"type.googleapis.com/google.rpc.LocalizedMessage","locale":"en-US","message":"Compute Engine API has not been used in project 376703221466 before or it is disabled. Enable it by visiting https://console.developers.google.com/apis/api/compute.googleapis.com/overview?project=376703221466 then retry. If you enabled this API recently, wait a few minutes for the action to propagate to our systems and retry."},{"@type":"type.googleapis.com/google.rpc.Help","links":[{"description":"Google developers console API activation","url":"https://console.developers.google.com/apis/api/compute.googleapis.com/overview?project=376703221466"}]}]}}
[debug] [2026-09-13T11:26:57.488Z] unable to look up default compute service account. Falling back to 376703221466-compute@developer.gserviceaccount.com. Error: {"name":"FirebaseError","children":[],"context":{"body":{"error":{"code":403,"message":"Compute Engine API has not been used in project 376703221466 before or it is disabled. Enable it by visiting https://console.developers.google.com/apis/api/compute.googleapis.com/overview?project=376703221466 then retry. If you enabled this API recently, wait a few minutes for the action to propagate to our systems and retry.","errors":[{"message":"Compute Engine API has not been used in project 376703221466 before or it is disabled. Enable it by visiting https://console.developers.google.com/apis/api/compute.googleapis.com/overview?project=376703221466 then retry. If you enabled this API recently, wait a few minutes for the action to propagate to our systems and retry.","domain":"usageLimits","reason":"accessNotConfigured","extendedHelp":"https://console.developers.google.com"}],"status":"PERMISSION_DENIED","details":[{"@type":"type.googleapis.com/google.rpc.ErrorInfo","reason":"SERVICE_DISABLED","domain":"googleapis.com","metadata":{"containerInfo":"376703221466","consumer":"projects/376703221466","activationUrl":"https://console.developers.google.com/apis/api/compute.googleapis.com/overview?project=376703221466","service":"compute.googleapis.com","serviceTitle":"Compute Engine API"}},{"@type":"type.googleapis.com/google.rpc.LocalizedMessage","locale":"en-US","message":"Compute Engine API has not been used in project 376703221466 before or it is disabled. Enable it by visiting https://console.developers.google.com/apis/api/compute.googleapis.com/overview?project=376703221466 then retry. If you enabled this API recently, wait a few minutes for the action to propagate to our systems and retry."},{"@type":"type.googleapis.com/google.rpc.Help","links":[{"description":"Google developers console API activation","url":"https://console.developers.google.com/apis/api/compute.googleapis.com/overview?project=376703221466"}]}]}},"response":{"statusCode":403}},"exit":1,"message":"Request to https://compute.googleapis.com/compute/v1/projects/376703221466 had HTTP Error: 403, Compute Engine API has not been used in project 376703221466 before or it is disabled. Enable it by visiting https://console.developers.google.com/apis/api/compute.googleapis.com/overview?project=376703221466 then retry. If you enabled this API recently, wait a few minutes for the action to propagate to our systems and retry.","status":403}
[debug] [2026-09-13T11:26:57.488Z] Checked if tokens are valid: true, expires at: 1789302399749
[debug] [2026-09-13T11:26:57.488Z] Checked if tokens are valid: true, expires at: 1789302399749
[debug] [2026-09-13T11:26:57.488Z] >>> [apiv2][query] GET https://compute.googleapis.com/compute/v1/projects/376703221466 [none]
[debug] [2026-09-13T11:26:57.688Z] <<< [apiv2][status] GET https://compute.googleapis.com/compute/v1/projects/376703221466 403
[debug] [2026-09-13T11:26:57.688Z] <<< [apiv2][body] GET https://compute.googleapis.com/compute/v1/projects/376703221466 {"error":{"code":403,"message":"Compute Engine API has not been used in project 376703221466 before or it is disabled. Enable it by visiting https://console.developers.google.com/apis/api/compute.googleapis.com/overview?project=376703221466 then retry. If you enabled this API recently, wait a few minutes for the action to propagate to our systems and retry.","errors":[{"message":"Compute Engine API has not been used in project 376703221466 before or it is disabled. Enable it by visiting https://console.developers.google.com/apis/api/compute.googleapis.com/overview?project=376703221466 then retry. If you enabled this API recently, wait a few minutes for the action to propagate to our systems and retry.","domain":"usageLimits","reason":"accessNotConfigured","extendedHelp":"https://console.developers.google.com"}],"status":"PERMISSION_DENIED","details":[{"@type":"type.googleapis.com/google.rpc.ErrorInfo","reason":"SERVICE_DISABLED","domain":"googleapis.com","metadata":{"activationUrl":"https://console.developers.google.com/apis/api/compute.googleapis.com/overview?project=376703221466","service":"compute.googleapis.com","containerInfo":"376703221466","serviceTitle":"Compute Engine API","consumer":"projects/376703221466"}},{"@type":"type.googleapis.com/google.rpc.LocalizedMessage","locale":"en-US","message":"Compute Engine API has not been used in project 376703221466 before or it is disabled. Enable it by visiting https://console.developers.google.com/apis/api/compute.googleapis.com/overview?project=376703221466 then retry. If you enabled this API recently, wait a few minutes for the action to propagate to our systems and retry."},{"@type":"type.googleapis.com/google.rpc.Help","links":[{"description":"Google developers console API activation","url":"https://console.developers.google.com/apis/api/compute.googleapis.com/overview?project=376703221466"}]}]}}
[debug] [2026-09-13T11:26:57.688Z] unable to look up default compute service account. Falling back to 376703221466-compute@developer.gserviceaccount.com. Error: {"name":"FirebaseError","children":[],"context":{"body":{"error":{"code":403,"message":"Compute Engine API has not been used in project 376703221466 before or it is disabled. Enable it by visiting https://console.developers.google.com/apis/api/compute.googleapis.com/overview?project=376703221466 then retry. If you enabled this API recently, wait a few minutes for the action to propagate to our systems and retry.","errors":[{"message":"Compute Engine API has not been used in project 376703221466 before or it is disabled. Enable it by visiting https://console.developers.google.com/apis/api/compute.googleapis.com/overview?project=376703221466 then retry. If you enabled this API recently, wait a few minutes for the action to propagate to our systems and retry.","domain":"usageLimits","reason":"accessNotConfigured","extendedHelp":"https://console.developers.google.com"}],"status":"PERMISSION_DENIED","details":[{"@type":"type.googleapis.com/google.rpc.ErrorInfo","reason":"SERVICE_DISABLED","domain":"googleapis.com","metadata":{"activationUrl":"https://console.developers.google.com/apis/api/compute.googleapis.com/overview?project=376703221466","service":"compute.googleapis.com","containerInfo":"376703221466","serviceTitle":"Compute Engine API","consumer":"projects/376703221466"}},{"@type":"type.googleapis.com/google.rpc.LocalizedMessage","locale":"en-US","message":"Compute Engine API has not been used in project 376703221466 before or it is disabled. Enable it by visiting https://console.developers.google.com/apis/api/compute.googleapis.com/overview?project=376703221466 then retry. If you enabled this API recently, wait a few minutes for the action to propagate to our systems and retry."},{"@type":"type.googleapis.com/google.rpc.Help","links":[{"description":"Google developers console API activation","url":"https://console.developers.google.com/apis/api/compute.googleapis.com/overview?project=376703221466"}]}]}},"response":{"statusCode":403}},"exit":1,"message":"Request to https://compute.googleapis.com/compute/v1/projects/376703221466 had HTTP Error: 403, Compute Engine API has not been used in project 376703221466 before or it is disabled. Enable it by visiting https://console.developers.google.com/apis/api/compute.googleapis.com/overview?project=376703221466 then retry. If you enabled this API recently, wait a few minutes for the action to propagate to our systems and retry.","status":403}
[debug] [2026-09-13T11:26:57.688Z] Checked if tokens are valid: true, expires at: 1789302399749
[debug] [2026-09-13T11:26:57.689Z] Checked if tokens are valid: true, expires at: 1789302399749
[debug] [2026-09-13T11:26:57.689Z] >>> [apiv2][query] GET https://compute.googleapis.com/compute/v1/projects/376703221466 [none]
[debug] [2026-09-13T11:26:57.891Z] <<< [apiv2][status] GET https://compute.googleapis.com/compute/v1/projects/376703221466 403
[debug] [2026-09-13T11:26:57.891Z] <<< [apiv2][body] GET https://compute.googleapis.com/compute/v1/projects/376703221466 {"error":{"code":403,"message":"Compute Engine API has not been used in project 376703221466 before or it is disabled. Enable it by visiting https://console.developers.google.com/apis/api/compute.googleapis.com/overview?project=376703221466 then retry. If you enabled this API recently, wait a few minutes for the action to propagate to our systems and retry.","errors":[{"message":"Compute Engine API has not been used in project 376703221466 before or it is disabled. Enable it by visiting https://console.developers.google.com/apis/api/compute.googleapis.com/overview?project=376703221466 then retry. If you enabled this API recently, wait a few minutes for the action to propagate to our systems and retry.","domain":"usageLimits","reason":"accessNotConfigured","extendedHelp":"https://console.developers.google.com"}],"status":"PERMISSION_DENIED","details":[{"@type":"type.googleapis.com/google.rpc.ErrorInfo","reason":"SERVICE_DISABLED","domain":"googleapis.com","metadata":{"activationUrl":"https://console.developers.google.com/apis/api/compute.googleapis.com/overview?project=376703221466","serviceTitle":"Compute Engine API","containerInfo":"376703221466","service":"compute.googleapis.com","consumer":"projects/376703221466"}},{"@type":"type.googleapis.com/google.rpc.LocalizedMessage","locale":"en-US","message":"Compute Engine API has not been used in project 376703221466 before or it is disabled. Enable it by visiting https://console.developers.google.com/apis/api/compute.googleapis.com/overview?project=376703221466 then retry. If you enabled this API recently, wait a few minutes for the action to propagate to our systems and retry."},{"@type":"type.googleapis.com/google.rpc.Help","links":[{"description":"Google developers console API activation","url":"https://console.developers.google.com/apis/api/compute.googleapis.com/overview?project=376703221466"}]}]}}
[debug] [2026-09-13T11:26:57.892Z] unable to look up default compute service account. Falling back to 376703221466-compute@developer.gserviceaccount.com. Error: {"name":"FirebaseError","children":[],"context":{"body":{"error":{"code":403,"message":"Compute Engine API has not been used in project 376703221466 before or it is disabled. Enable it by visiting https://console.developers.google.com/apis/api/compute.googleapis.com/overview?project=376703221466 then retry. If you enabled this API recently, wait a few minutes for the action to propagate to our systems and retry.","errors":[{"message":"Compute Engine API has not been used in project 376703221466 before or it is disabled. Enable it by visiting https://console.developers.google.com/apis/api/compute.googleapis.com/overview?project=376703221466 then retry. If you enabled this API recently, wait a few minutes for the action to propagate to our systems and retry.","domain":"usageLimits","reason":"accessNotConfigured","extendedHelp":"https://console.developers.google.com"}],"status":"PERMISSION_DENIED","details":[{"@type":"type.googleapis.com/google.rpc.ErrorInfo","reason":"SERVICE_DISABLED","domain":"googleapis.com","metadata":{"activationUrl":"https://console.developers.google.com/apis/api/compute.googleapis.com/overview?project=376703221466","serviceTitle":"Compute Engine API","containerInfo":"376703221466","service":"compute.googleapis.com","consumer":"projects/376703221466"}},{"@type":"type.googleapis.com/google.rpc.LocalizedMessage","locale":"en-US","message":"Compute Engine API has not been used in project 376703221466 before or it is disabled. Enable it by visiting https://console.developers.google.com/apis/api/compute.googleapis.com/overview?project=376703221466 then retry. If you enabled this API recently, wait a few minutes for the action to propagate to our systems and retry."},{"@type":"type.googleapis.com/google.rpc.Help","links":[{"description":"Google developers console API activation","url":"https://console.developers.google.com/apis/api/compute.googleapis.com/overview?project=376703221466"}]}]}},"response":{"statusCode":403}},"exit":1,"message":"Request to https://compute.googleapis.com/compute/v1/projects/376703221466 had HTTP Error: 403, Compute Engine API has not been used in project 376703221466 before or it is disabled. Enable it by visiting https://console.developers.google.com/apis/api/compute.googleapis.com/overview?project=376703221466 then retry. If you enabled this API recently, wait a few minutes for the action to propagate to our systems and retry.","status":403}
[debug] [2026-09-13T11:26:57.892Z] Checked if tokens are valid: true, expires at: 1789302399749
[debug] [2026-09-13T11:26:57.892Z] Checked if tokens are valid: true, expires at: 1789302399749
[debug] [2026-09-13T11:26:57.892Z] >>> [apiv2][query] GET https://compute.googleapis.com/compute/v1/projects/376703221466 [none]
[debug] [2026-09-13T11:26:58.087Z] <<< [apiv2][status] GET https://compute.googleapis.com/compute/v1/projects/376703221466 403
[debug] [2026-09-13T11:26:58.087Z] <<< [apiv2][body] GET https://compute.googleapis.com/compute/v1/projects/376703221466 {"error":{"code":403,"message":"Compute Engine API has not been used in project 376703221466 before or it is disabled. Enable it by visiting https://console.developers.google.com/apis/api/compute.googleapis.com/overview?project=376703221466 then retry. If you enabled this API recently, wait a few minutes for the action to propagate to our systems and retry.","errors":[{"message":"Compute Engine API has not been used in project 376703221466 before or it is disabled. Enable it by visiting https://console.developers.google.com/apis/api/compute.googleapis.com/overview?project=376703221466 then retry. If you enabled this API recently, wait a few minutes for the action to propagate to our systems and retry.","domain":"usageLimits","reason":"accessNotConfigured","extendedHelp":"https://console.developers.google.com"}],"status":"PERMISSION_DENIED","details":[{"@type":"type.googleapis.com/google.rpc.ErrorInfo","reason":"SERVICE_DISABLED","domain":"googleapis.com","metadata":{"activationUrl":"https://console.developers.google.com/apis/api/compute.googleapis.com/overview?project=376703221466","service":"compute.googleapis.com","serviceTitle":"Compute Engine API","containerInfo":"376703221466","consumer":"projects/376703221466"}},{"@type":"type.googleapis.com/google.rpc.LocalizedMessage","locale":"en-US","message":"Compute Engine API has not been used in project 376703221466 before or it is disabled. Enable it by visiting https://console.developers.google.com/apis/api/compute.googleapis.com/overview?project=376703221466 then retry. If you enabled this API recently, wait a few minutes for the action to propagate to our systems and retry."},{"@type":"type.googleapis.com/google.rpc.Help","links":[{"description":"Google developers console API activation","url":"https://console.developers.google.com/apis/api/compute.googleapis.com/overview?project=376703221466"}]}]}}
[debug] [2026-09-13T11:26:58.088Z] unable to look up default compute service account. Falling back to 376703221466-compute@developer.gserviceaccount.com. Error: {"name":"FirebaseError","children":[],"context":{"body":{"error":{"code":403,"message":"Compute Engine API has not been used in project 376703221466 before or it is disabled. Enable it by visiting https://console.developers.google.com/apis/api/compute.googleapis.com/overview?project=376703221466 then retry. If you enabled this API recently, wait a few minutes for the action to propagate to our systems and retry.","errors":[{"message":"Compute Engine API has not been used in project 376703221466 before or it is disabled. Enable it by visiting https://console.developers.google.com/apis/api/compute.googleapis.com/overview?project=376703221466 then retry. If you enabled this API recently, wait a few minutes for the action to propagate to our systems and retry.","domain":"usageLimits","reason":"accessNotConfigured","extendedHelp":"https://console.developers.google.com"}],"status":"PERMISSION_DENIED","details":[{"@type":"type.googleapis.com/google.rpc.ErrorInfo","reason":"SERVICE_DISABLED","domain":"googleapis.com","metadata":{"activationUrl":"https://console.developers.google.com/apis/api/compute.googleapis.com/overview?project=376703221466","service":"compute.googleapis.com","serviceTitle":"Compute Engine API","containerInfo":"376703221466","consumer":"projects/376703221466"}},{"@type":"type.googleapis.com/google.rpc.LocalizedMessage","locale":"en-US","message":"Compute Engine API has not been used in project 376703221466 before or it is disabled. Enable it by visiting https://console.developers.google.com/apis/api/compute.googleapis.com/overview?project=376703221466 then retry. If you enabled this API recently, wait a few minutes for the action to propagate to our systems and retry."},{"@type":"type.googleapis.com/google.rpc.Help","links":[{"description":"Google developers console API activation","url":"https://console.developers.google.com/apis/api/compute.googleapis.com/overview?project=376703221466"}]}]}},"response":{"statusCode":403}},"exit":1,"message":"Request to https://compute.googleapis.com/compute/v1/projects/376703221466 had HTTP Error: 403, Compute Engine API has not been used in project 376703221466 before or it is disabled. Enable it by visiting https://console.developers.google.com/apis/api/compute.googleapis.com/overview?project=376703221466 then retry. If you enabled this API recently, wait a few minutes for the action to propagate to our systems and retry.","status":403}
[debug] [2026-09-13T11:26:58.088Z] Checked if tokens are valid: true, expires at: 1789302399749
[debug] [2026-09-13T11:26:58.088Z] Checked if tokens are valid: true, expires at: 1789302399749
[debug] [2026-09-13T11:26:58.088Z] >>> [apiv2][query] GET https://cloudbilling.googleapis.com/v1/projects/moflo-a1bb5/billingInfo [none]
[debug] [2026-09-13T11:26:58.881Z] <<< [apiv2][status] GET https://cloudbilling.googleapis.com/v1/projects/moflo-a1bb5/billingInfo 200
[debug] [2026-09-13T11:26:58.881Z] <<< [apiv2][body] GET https://cloudbilling.googleapis.com/v1/projects/moflo-a1bb5/billingInfo {"name":"projects/moflo-a1bb5/billingInfo","projectId":"moflo-a1bb5","billingAccountName":"billingAccounts/01790F-927779-75F862","billingEnabled":true}
[debug] [2026-09-13T11:26:58.882Z] Checked if tokens are valid: true, expires at: 1789302399749
[debug] [2026-09-13T11:26:58.882Z] Checked if tokens are valid: true, expires at: 1789302399749
[debug] [2026-09-13T11:26:58.882Z] >>> [apiv2][query] POST https://cloudfunctions.googleapis.com/v2/projects/moflo-a1bb5/locations/europe-west1/functions:generateUploadUrl [none]
[debug] [2026-09-13T11:26:59.055Z] <<< [apiv2][status] POST https://cloudfunctions.googleapis.com/v2/projects/moflo-a1bb5/locations/europe-west1/functions:generateUploadUrl 200
[debug] [2026-09-13T11:26:59.055Z] <<< [apiv2][body] POST https://cloudfunctions.googleapis.com/v2/projects/moflo-a1bb5/locations/europe-west1/functions:generateUploadUrl {"uploadUrl":"https://storage.googleapis.com/gcf-v2-uploads-376703221466.europe-west1.cloudfunctions.appspot.com/a0cfd0bf-46ae-45d0-a18e-4c04000854bf.zip?GoogleAccessId=service-376703221466@gcf-admin-robot.iam.gserviceaccount.com&Expires=1789300642&Signature=oU2GrWGh0YJuaCTM7xosxXZIRx2gfM3U9GNVHYk1wbhauqYO7BB05x592gseHIBNypHrMMAU3vmTg4hc7kixNPIBb%2FxuzXxxGbyLFE91vszeSAfoC9lBzd99%2BBirY6znKsG7sX8L%2F%2FGkyh4tKflw8LtaoUGRbWZefm9%2F9e%2BUWwyb2AmHrXgXUtpejaF8P1xOpsQGnHdU8sc6%2BAx9kqWIM5f5NHZBVeiFRD498mygzKNL2sN9JcdMLjkpZM9N3Bz0aa%2B%2BNDG5Qw%2Boz%2BdMlybPaXw8j6WYX5FMhwtR25lZePZNrLw7K%2BZ5YMK%2FEShUAxGCogFzYB4Pkhnl0EQ2leSBAg%3D%3D","storageSource":{"bucket":"gcf-v2-uploads-376703221466.europe-west1.cloudfunctions.appspot.com","object":"a0cfd0bf-46ae-45d0-a18e-4c04000854bf.zip"}}
[debug] [2026-09-13T11:26:59.055Z] >>> [apiv2][query] PUT https://storage.googleapis.com/gcf-v2-uploads-376703221466.europe-west1.cloudfunctions.appspot.com/a0cfd0bf-46ae-45d0-a18e-4c04000854bf.zip GoogleAccessId=service-376703221466%40gcf-admin-robot.iam.gserviceaccount.com&Expires=1789300642&Signature=oU2GrWGh0YJuaCTM7xosxXZIRx2gfM3U9GNVHYk1wbhauqYO7BB05x592gseHIBNypHrMMAU3vmTg4hc7kixNPIBb%2FxuzXxxGbyLFE91vszeSAfoC9lBzd99%2BBirY6znKsG7sX8L%2F%2FGkyh4tKflw8LtaoUGRbWZefm9%2F9e%2BUWwyb2AmHrXgXUtpejaF8P1xOpsQGnHdU8sc6%2BAx9kqWIM5f5NHZBVeiFRD498mygzKNL2sN9JcdMLjkpZM9N3Bz0aa%2B%2BNDG5Qw%2Boz%2BdMlybPaXw8j6WYX5FMhwtR25lZePZNrLw7K%2BZ5YMK%2FEShUAxGCogFzYB4Pkhnl0EQ2leSBAg%3D%3D
[debug] [2026-09-13T11:26:59.055Z] >>> [apiv2][body] PUT https://storage.googleapis.com/gcf-v2-uploads-376703221466.europe-west1.cloudfunctions.appspot.com/a0cfd0bf-46ae-45d0-a18e-4c04000854bf.zip [stream]
[debug] [2026-09-13T11:26:59.351Z] <<< [apiv2][status] PUT https://storage.googleapis.com/gcf-v2-uploads-376703221466.europe-west1.cloudfunctions.appspot.com/a0cfd0bf-46ae-45d0-a18e-4c04000854bf.zip 200
[debug] [2026-09-13T11:26:59.351Z] <<< [apiv2][body] PUT https://storage.googleapis.com/gcf-v2-uploads-376703221466.europe-west1.cloudfunctions.appspot.com/a0cfd0bf-46ae-45d0-a18e-4c04000854bf.zip [omitted]
[info] +  functions: functions source uploaded successfully 
[info] i  functions: updating Node.js 20 (2nd Gen) function onSharedMovementCreated(europe-west1)... 
[info] i  functions: updating Node.js 20 (2nd Gen) function onJoinRequestCreated(europe-west1)... 
[info] i  functions: updating Node.js 20 (2nd Gen) function onJoinRequestUpdated(europe-west1)... 
[info] i  functions: updating Node.js 20 (2nd Gen) function onSharedAccountUpdated(europe-west1)... 
[debug] [2026-09-13T11:26:59.354Z] Checked if tokens are valid: true, expires at: 1789302399749
[debug] [2026-09-13T11:26:59.354Z] Checked if tokens are valid: true, expires at: 1789302399749
[debug] [2026-09-13T11:26:59.354Z] >>> [apiv2][query] PATCH https://cloudfunctions.googleapis.com/v2/projects/moflo-a1bb5/locations/europe-west1/functions/onSharedMovementCreated updateMask=name%2CbuildConfig.runtime%2CbuildConfig.entryPoint%2CbuildConfig.source.storageSource.bucket%2CbuildConfig.source.storageSource.object%2CbuildConfig.environmentVariables%2CbuildConfig.sourceToken%2CserviceConfig.environmentVariables%2CserviceConfig.ingressSettings%2CserviceConfig.timeoutSeconds%2CserviceConfig.serviceAccountEmail%2CserviceConfig.availableMemory%2CserviceConfig.minInstanceCount%2CserviceConfig.maxInstanceCount%2CserviceConfig.maxInstanceRequestConcurrency%2CserviceConfig.availableCpu%2CserviceConfig.vpcConnector%2CserviceConfig.vpcConnectorEgressSettings%2CserviceConfig.directVpcNetworkInterface%2CserviceConfig.directVpcEgress%2Clabels%2CeventTrigger.eventType%2CeventTrigger.retryPolicy%2CeventTrigger.eventFilters%2CeventTrigger.triggerRegion
[debug] [2026-09-13T11:26:59.354Z] >>> [apiv2][body] PATCH https://cloudfunctions.googleapis.com/v2/projects/moflo-a1bb5/locations/europe-west1/functions/onSharedMovementCreated {"name":"projects/moflo-a1bb5/locations/europe-west1/functions/onSharedMovementCreated","buildConfig":{"runtime":"nodejs20","entryPoint":"onSharedMovementCreated","source":{"storageSource":{"bucket":"gcf-v2-uploads-376703221466.europe-west1.cloudfunctions.appspot.com","object":"a0cfd0bf-46ae-45d0-a18e-4c04000854bf.zip"}},"environmentVariables":{"GOOGLE_NODE_RUN_SCRIPTS":""}},"serviceConfig":{"environmentVariables":{"FIREBASE_CONFIG":"{\"projectId\":\"moflo-a1bb5\",\"storageBucket\":\"moflo-a1bb5.firebasestorage.app\"}","GCLOUD_PROJECT":"moflo-a1bb5","EVENTARC_CLOUD_EVENT_SOURCE":"projects/moflo-a1bb5/locations/europe-west1/services/onSharedMovementCreated","FUNCTION_SIGNATURE_TYPE":"cloudevent","FUNCTION_TARGET":"onSharedMovementCreated","LOG_EXECUTION_ID":"true"},"ingressSettings":null,"timeoutSeconds":null,"serviceAccountEmail":null,"availableMemory":"256Mi","minInstanceCount":null,"maxInstanceCount":10,"maxInstanceRequestConcurrency":80,"availableCpu":"1","vpcConnector":null,"vpcConnectorEgressSettings":null,"directVpcNetworkInterface":null,"directVpcEgress":null},"labels":{"deployment-tool":"cli-firebase","firebase-functions-hash":"de328115d44096cc6539eba90a6d0f6bcd9a1025"},"eventTrigger":{"eventType":"google.cloud.firestore.document.v1.created","retryPolicy":"RETRY_POLICY_DO_NOT_RETRY","eventFilters":[{"attribute":"database","value":"(default)"},{"attribute":"namespace","value":"(default)"},{"attribute":"document","value":"sharedAccounts/{accountId}/movements/{movementId}","operator":"match-path-pattern"}],"triggerRegion":"europe-southwest1"}}
[debug] [2026-09-13T11:27:00.845Z] <<< [apiv2][status] PATCH https://cloudfunctions.googleapis.com/v2/projects/moflo-a1bb5/locations/europe-west1/functions/onSharedMovementCreated 200
[debug] [2026-09-13T11:27:00.845Z] <<< [apiv2][body] PATCH https://cloudfunctions.googleapis.com/v2/projects/moflo-a1bb5/locations/europe-west1/functions/onSharedMovementCreated {"name":"projects/moflo-a1bb5/locations/europe-west1/operations/operation-1789298843060-65b5b99f0098c-b1bddcae-75058d3e","metadata":{"@type":"type.googleapis.com/google.cloud.functions.v2.OperationMetadata","createTime":"2026-09-13T11:27:24.421836834Z","target":"projects/moflo-a1bb5/locations/europe-west1/functions/onSharedMovementCreated","verb":"update","cancelRequested":false,"apiVersion":"v2"},"done":false}
[debug] [2026-09-13T11:27:00.845Z] Checked if tokens are valid: true, expires at: 1789302399749
[debug] [2026-09-13T11:27:00.845Z] Checked if tokens are valid: true, expires at: 1789302399749
[debug] [2026-09-13T11:27:00.845Z] >>> [apiv2][query] GET https://cloudfunctions.googleapis.com/v2/projects/moflo-a1bb5/locations/europe-west1/operations/operation-1789298843060-65b5b99f0098c-b1bddcae-75058d3e [none]
[debug] [2026-09-13T11:27:00.936Z] <<< [apiv2][status] GET https://cloudfunctions.googleapis.com/v2/projects/moflo-a1bb5/locations/europe-west1/operations/operation-1789298843060-65b5b99f0098c-b1bddcae-75058d3e 200
[debug] [2026-09-13T11:27:00.936Z] <<< [apiv2][body] GET https://cloudfunctions.googleapis.com/v2/projects/moflo-a1bb5/locations/europe-west1/operations/operation-1789298843060-65b5b99f0098c-b1bddcae-75058d3e {"name":"projects/moflo-a1bb5/locations/europe-west1/operations/operation-1789298843060-65b5b99f0098c-b1bddcae-75058d3e","metadata":{"@type":"type.googleapis.com/google.cloud.functions.v2.OperationMetadata","createTime":"2026-09-13T11:27:24.421836834Z","target":"projects/moflo-a1bb5/locations/europe-west1/functions/onSharedMovementCreated","verb":"update","cancelRequested":false,"apiVersion":"v2"},"done":false}
